Starting ViT-S + Focal Loss training...
Job ID: 228193
Node: node-39
Working dir: /scratch/lustre/home/vymi9180/Kursinis
Sun May 10 15:24:46 2026       
+-----------------------------------------------------------------------------------------+
| NVIDIA-SMI 550.144.03             Driver Version: 550.144.03     CUDA Version: 12.4     |
|-----------------------------------------+------------------------+----------------------+
| GPU  Name                 Persistence-M | Bus-Id          Disp.A | Volatile Uncorr. ECC |
| Fan  Temp   Perf          Pwr:Usage/Cap |           Memory-Usage | GPU-Util  Compute M. |
|                                         |                        |               MIG M. |
|=========================================+========================+======================|
|   0  Tesla V100-SXM2-32GB           On  |   00000000:8A:00.0 Off |                    0 |
| N/A   38C    P0             67W /  300W |       1MiB /  32768MiB |      0%      Default |
|                                         |                        |                  N/A |
+-----------------------------------------+------------------------+----------------------+
                                                                                         
+-----------------------------------------------------------------------------------------+
| Processes:                                                                              |
|  GPU   GI   CI        PID   Type   Process name                              GPU Memory |
|        ID   ID                                                               Usage      |
|=========================================================================================|
|  No running processes found                                                             |
+-----------------------------------------------------------------------------------------+
GPU: Tesla V100-SXM2-32GB

[Setup] Loading DINOv2 model (dinov2_vits14)...
Loading DINOv2 backbone: dinov2_vits14...
Backbone weights frozen.
Model created: dinov2_vits14 -> 128D embeddings
[Setup] Model ready on cuda
[Setup] Initializing focal loss...
[Setup] Loss function ready: focal
[Setup] Optimizer ready: AdamW with lr=0.0004
[Setup] Loading datasets...
[DISC21TrainDataset] Found 50000 images in data/train
[DISC21EvalDataset] Found 50000 images in data/queries_dev
[DISC21EvalDataset] Found 50000 images in data/refs
[load_groundtruth] Loaded 10000 query-reference pairs from data/dev_queries_groundtruth.csv
[Setup] Focal Loss head ready with 50000 classes (gamma=2.0)
[Setup] Training samples: 50000
[Setup] Validation queries: 50000
[Setup] Validation refs: 50000

======================================================================
TRAINING: FOCAL LOSS | dinov2_vits14
======================================================================
Backbone: dinov2_vits14
Epochs: 0 -> 20
Batch size: 1024
Learning rate: 0.0004
Device: cuda
Checkpoint every: 30 minutes
======================================================================


[Epoch 0] Loss: 13.0654 | LR: 3.98e-05 | Time: 8.5min
[Checkpoint] Saved: focal_epoch_000_epoch.pt

[Epoch 1] Loss: 6.7261 | LR: 3.90e-05 | Time: 3.7min
[Checkpoint] Saved: focal_epoch_001_epoch.pt

[Epoch 2] Loss: 2.1969 | LR: 3.79e-05 | Time: 3.6min
[Checkpoint] Saved: focal_epoch_002_epoch.pt

[Epoch 3] Loss: 0.3186 | LR: 3.63e-05 | Time: 3.6min
[Checkpoint] Saved: focal_epoch_003_epoch.pt
[Checkpoint] Removed old: focal_epoch_000_epoch.pt

[Epoch 4] Loss: 0.0625 | LR: 3.43e-05 | Time: 3.7min
[Checkpoint] Saved: focal_epoch_004_epoch.pt
[Checkpoint] Removed old: focal_epoch_001_epoch.pt

[Validation] Extracting embeddings...
[Validation] Computing metrics...
Computing similarity matrix...
  Precision@1: 0.5633
  Precision@5: 0.6068
  Precision@10: 0.6238
  mAP: 0.5852
  uAP: 0.4341
[Checkpoint] Saved: focal_epoch_004_best.pt
[Checkpoint] New best model saved!
[Epoch 4] Validation P@1: 0.5633 (Best: 0.5633)

[Epoch 5] Loss: 0.0219 | LR: 3.20e-05 | Time: 3.7min
[Checkpoint] Saved: focal_epoch_005_epoch.pt
[Checkpoint] Removed old: focal_epoch_002_epoch.pt

[Epoch 6] Loss: 0.0108 | LR: 2.94e-05 | Time: 3.7min
[Checkpoint] Saved: focal_epoch_006_epoch.pt
[Checkpoint] Removed old: focal_epoch_003_epoch.pt

[Epoch 7] Loss: 0.0067 | LR: 2.65e-05 | Time: 3.7min
[Checkpoint] Saved: focal_epoch_007_epoch.pt
[Checkpoint] Removed old: focal_epoch_004_epoch.pt

[Epoch 8] Loss: 0.0050 | LR: 2.36e-05 | Time: 3.7min
[Checkpoint] Saved: focal_epoch_008_epoch.pt
[Checkpoint] Removed old: focal_epoch_005_epoch.pt

[Epoch 9] Loss: 0.0044 | LR: 2.05e-05 | Time: 3.6min
[Checkpoint] Saved: focal_epoch_009_epoch.pt
[Checkpoint] Removed old: focal_epoch_006_epoch.pt

[Validation] Extracting embeddings...
[Validation] Computing metrics...
Computing similarity matrix...
  Precision@1: 0.5652
  Precision@5: 0.6068
  Precision@10: 0.6295
  mAP: 0.5864
  uAP: 0.4393
[Checkpoint] Saved: focal_epoch_009_best.pt
[Checkpoint] New best model saved!
[Epoch 9] Validation P@1: 0.5652 (Best: 0.5652)

[Epoch 10] Loss: 0.0038 | LR: 1.74e-05 | Time: 3.7min
[Checkpoint] Saved: focal_epoch_010_epoch.pt
[Checkpoint] Removed old: focal_epoch_007_epoch.pt

[Epoch 11] Loss: 0.0029 | LR: 1.45e-05 | Time: 3.6min
[Checkpoint] Saved: focal_epoch_011_epoch.pt
[Checkpoint] Removed old: focal_epoch_008_epoch.pt

[Epoch 12] Loss: 0.0029 | LR: 1.16e-05 | Time: 3.6min
[Checkpoint] Saved: focal_epoch_012_epoch.pt
[Checkpoint] Removed old: focal_epoch_009_epoch.pt

[Epoch 13] Loss: 0.0027 | LR: 9.04e-06 | Time: 3.5min
[Checkpoint] Saved: focal_epoch_013_epoch.pt
[Checkpoint] Removed old: focal_epoch_010_epoch.pt

[Epoch 14] Loss: 0.0023 | LR: 6.71e-06 | Time: 3.5min
[Checkpoint] Saved: focal_epoch_014_epoch.pt
[Checkpoint] Removed old: focal_epoch_011_epoch.pt

[Validation] Extracting embeddings...
[Validation] Computing metrics...
Computing similarity matrix...
  Precision@1: 0.5652
  Precision@5: 0.6068
  Precision@10: 0.6257
  mAP: 0.5862
  uAP: 0.4400
[Epoch 14] Validation P@1: 0.5652 (Best: 0.5652)

[Epoch 15] Loss: 0.0023 | LR: 4.72e-06 | Time: 3.6min
[Checkpoint] Saved: focal_epoch_015_epoch.pt
[Checkpoint] Removed old: focal_epoch_012_epoch.pt

[Epoch 16] Loss: 0.0021 | LR: 3.13e-06 | Time: 3.5min
[Checkpoint] Saved: focal_epoch_016_epoch.pt
[Checkpoint] Removed old: focal_epoch_013_epoch.pt

[Epoch 17] Loss: 0.0020 | LR: 1.95e-06 | Time: 3.5min
[Checkpoint] Saved: focal_epoch_017_epoch.pt
[Checkpoint] Removed old: focal_epoch_014_epoch.pt

[Epoch 18] Loss: 0.0020 | LR: 1.24e-06 | Time: 3.5min
[Checkpoint] Saved: focal_epoch_018_epoch.pt
[Checkpoint] Removed old: focal_epoch_015_epoch.pt

[Epoch 19] Loss: 0.0020 | LR: 1.00e-06 | Time: 3.5min
[Checkpoint] Saved: focal_epoch_019_epoch.pt
[Checkpoint] Removed old: focal_epoch_016_epoch.pt

[Validation] Extracting embeddings...
[Validation] Computing metrics...
Computing similarity matrix...
  Precision@1: 0.5652
  Precision@5: 0.6068
  Precision@10: 0.6257
  mAP: 0.5862
  uAP: 0.4401
[Epoch 19] Validation P@1: 0.5652 (Best: 0.5652)

======================================================================
TRAINING COMPLETE
======================================================================
Total time: 1.65 hours
Best P@1: 0.5652
Best checkpoint: checkpoints/focal_best.pt
======================================================================
Training history saved to: logs/focal_history.json
Training complete!
