Starting ViT-B + Focal Loss training...
Job ID: 228654
Node: node-39
Working dir: /scratch/lustre/home/vymi9180/Kursinis
Sun May 10 20:21:10 2026       
+-----------------------------------------------------------------------------------------+
| NVIDIA-SMI 550.144.03             Driver Version: 550.144.03     CUDA Version: 12.4     |
|-----------------------------------------+------------------------+----------------------+
| GPU  Name                 Persistence-M | Bus-Id          Disp.A | Volatile Uncorr. ECC |
| Fan  Temp   Perf          Pwr:Usage/Cap |           Memory-Usage | GPU-Util  Compute M. |
|                                         |                        |               MIG M. |
|=========================================+========================+======================|
|   0  Tesla V100-SXM2-32GB           On  |   00000000:07:00.0 Off |                    0 |
| N/A   32C    P0             41W /  300W |       1MiB /  32768MiB |      0%      Default |
|                                         |                        |                  N/A |
+-----------------------------------------+------------------------+----------------------+
                                                                                         
+-----------------------------------------------------------------------------------------+
| Processes:                                                                              |
|  GPU   GI   CI        PID   Type   Process name                              GPU Memory |
|        ID   ID                                                               Usage      |
|=========================================================================================|
|  No running processes found                                                             |
+-----------------------------------------------------------------------------------------+
GPU: Tesla V100-SXM2-32GB

[Setup] Loading DINOv2 model (dinov2_vitb14)...
Loading DINOv2 backbone: dinov2_vitb14...
Backbone weights frozen.
Model created: dinov2_vitb14 -> 128D embeddings
[Setup] Model ready on cuda
[Setup] Initializing focal loss...
[Setup] Loss function ready: focal
[Setup] Optimizer ready: AdamW with lr=0.0002
[Setup] Loading datasets...
[DISC21TrainDataset] Found 50000 images in data/train
[DISC21EvalDataset] Found 50000 images in data/queries_dev
[DISC21EvalDataset] Found 50000 images in data/refs
[load_groundtruth] Loaded 10000 query-reference pairs from data/dev_queries_groundtruth.csv
[Setup] Focal Loss head ready with 50000 classes (gamma=2.0)
[Setup] Training samples: 50000
[Setup] Validation queries: 50000
[Setup] Validation refs: 50000

======================================================================
TRAINING: FOCAL LOSS | dinov2_vitb14
======================================================================
Backbone: dinov2_vitb14
Epochs: 0 -> 20
Batch size: 512
Learning rate: 0.0002
Device: cuda
Checkpoint every: 30 minutes
======================================================================


[Epoch 0] Loss: 13.4157 | LR: 1.99e-05 | Time: 4.1min
[Checkpoint] Saved: focal_epoch_000_epoch.pt
[Checkpoint] Removed old: focal_epoch_000_epoch.pt

[Epoch 1] Loss: 8.3542 | LR: 1.95e-05 | Time: 4.0min
[Checkpoint] Saved: focal_epoch_001_epoch.pt
[Checkpoint] Removed old: focal_epoch_001_epoch.pt

[Epoch 2] Loss: 3.9764 | LR: 1.90e-05 | Time: 3.9min
[Checkpoint] Saved: focal_epoch_002_epoch.pt
[Checkpoint] Removed old: focal_epoch_002_epoch.pt

[Epoch 3] Loss: 0.9451 | LR: 1.82e-05 | Time: 4.0min
[Checkpoint] Saved: focal_epoch_003_epoch.pt
[Checkpoint] Removed old: focal_epoch_003_epoch.pt

[Epoch 4] Loss: 0.1566 | LR: 1.72e-05 | Time: 3.9min
[Checkpoint] Saved: focal_epoch_004_epoch.pt
[Checkpoint] Removed old: focal_epoch_004_epoch.pt

[Validation] Extracting embeddings...
[Validation] Computing metrics...
Computing similarity matrix...
  Precision@1: 0.5841
  Precision@5: 0.6408
  Precision@10: 0.6597
  mAP: 0.6117
  uAP: 0.4459
[Checkpoint] Saved: focal_epoch_004_best.pt
[Checkpoint] New best model saved!
[Epoch 4] Validation P@1: 0.5841 (Best: 0.5841)

[Epoch 5] Loss: 0.0474 | LR: 1.61e-05 | Time: 4.0min
[Checkpoint] Saved: focal_epoch_005_epoch.pt
[Checkpoint] Removed old: focal_epoch_005_epoch.pt

[Epoch 6] Loss: 0.0225 | LR: 1.48e-05 | Time: 3.9min
[Checkpoint] Saved: focal_epoch_006_epoch.pt
[Checkpoint] Removed old: focal_epoch_006_epoch.pt

[Epoch 7] Loss: 0.0133 | LR: 1.34e-05 | Time: 4.0min
[Checkpoint] Saved: focal_epoch_007_epoch.pt
[Checkpoint] Removed old: focal_epoch_007_epoch.pt

[Epoch 8] Loss: 0.0091 | LR: 1.20e-05 | Time: 4.0min
[Checkpoint] Saved: focal_epoch_008_epoch.pt
[Checkpoint] Removed old: focal_epoch_008_epoch.pt

[Epoch 9] Loss: 0.0073 | LR: 1.05e-05 | Time: 3.9min
[Checkpoint] Saved: focal_epoch_009_epoch.pt
[Checkpoint] Removed old: focal_epoch_009_epoch.pt

[Validation] Extracting embeddings...
[Validation] Computing metrics...
Computing similarity matrix...
  Precision@1: 0.5879
  Precision@5: 0.6484
  Precision@10: 0.6616
  mAP: 0.6137
  uAP: 0.4586
[Checkpoint] Saved: focal_epoch_009_best.pt
[Checkpoint] New best model saved!
[Epoch 9] Validation P@1: 0.5879 (Best: 0.5879)

[Epoch 10] Loss: 0.0057 | LR: 9.01e-06 | Time: 3.9min
[Checkpoint] Saved: focal_epoch_010_epoch.pt
[Checkpoint] Removed old: focal_epoch_010_epoch.pt

[Epoch 11] Loss: 0.0049 | LR: 7.56e-06 | Time: 4.0min
[Checkpoint] Saved: focal_epoch_011_epoch.pt
[Checkpoint] Removed old: focal_epoch_011_epoch.pt

[Epoch 12] Loss: 0.0043 | LR: 6.19e-06 | Time: 4.0min
[Checkpoint] Saved: focal_epoch_012_epoch.pt
[Checkpoint] Removed old: focal_epoch_012_epoch.pt

[Epoch 13] Loss: 0.0038 | LR: 4.92e-06 | Time: 3.9min
[Checkpoint] Saved: focal_epoch_013_epoch.pt
[Checkpoint] Removed old: focal_epoch_013_epoch.pt

[Epoch 14] Loss: 0.0040 | LR: 3.78e-06 | Time: 4.0min
[Checkpoint] Saved: focal_epoch_014_epoch.pt
[Checkpoint] Removed old: focal_epoch_014_epoch.pt

[Validation] Extracting embeddings...
[Validation] Computing metrics...
Computing similarity matrix...
  Precision@1: 0.5860
  Precision@5: 0.6503
  Precision@10: 0.6616
  mAP: 0.6135
  uAP: 0.4599
[Epoch 14] Validation P@1: 0.5860 (Best: 0.5879)

[Epoch 15] Loss: 0.0037 | LR: 2.81e-06 | Time: 4.0min
[Checkpoint] Saved: focal_epoch_015_epoch.pt
[Checkpoint] Removed old: focal_epoch_015_epoch.pt

[Epoch 16] Loss: 0.0032 | LR: 2.04e-06 | Time: 3.9min
[Checkpoint] Saved: focal_epoch_016_epoch.pt
[Checkpoint] Removed old: focal_epoch_016_epoch.pt

[Epoch 17] Loss: 0.0032 | LR: 1.46e-06 | Time: 3.9min
[Checkpoint] Saved: focal_epoch_017_epoch.pt

[Epoch 18] Loss: 0.0030 | LR: 1.12e-06 | Time: 4.0min
[Checkpoint] Saved: focal_epoch_018_epoch.pt

[Epoch 19] Loss: 0.0031 | LR: 1.00e-06 | Time: 3.9min
[Checkpoint] Saved: focal_epoch_019_epoch.pt

[Validation] Extracting embeddings...
[Validation] Computing metrics...
Computing similarity matrix...
  Precision@1: 0.5860
  Precision@5: 0.6503
  Precision@10: 0.6616
  mAP: 0.6134
  uAP: 0.4602
[Epoch 19] Validation P@1: 0.5860 (Best: 0.5879)

======================================================================
TRAINING COMPLETE
======================================================================
Total time: 1.82 hours
Best P@1: 0.5879
Best checkpoint: checkpoints/focal_best.pt
======================================================================
Training history saved to: logs/focal_history.json
Training complete!
